******************************************************************************
             TMS320C2000 Linker PC v18.1.4                     
******************************************************************************
>> Linked Sat Apr 13 17:54:31 2019

OUTPUT FILE NAME:   <control_board_v0.1.out>
ENTRY POINT SYMBOL: "_c_int00"  address: 000837fa


MEMORY CONFIGURATION

         name            origin    length      used     unused   attr    fill
----------------------  --------  ---------  --------  --------  ----  --------
PAGE 0:
  RAMM0                 00000122   000002de  00000000  000002de  RWIX
  RAMLS0                00008000   00000800  00000029  000007d7  RWIX
  RAMLS1                00008800   00000800  00000000  00000800  RWIX
  RAMLS2                00009000   00000800  00000000  00000800  RWIX
  RAMLS4                0000a000   00000800  00000000  00000800  RWIX
  RAMD0                 0000b000   00000800  00000000  00000800  RWIX
  RAMGS14               0001a000   00001000  00000000  00001000  RWIX
  RAMGS15               0001b000   00001000  00000000  00001000  RWIX
  BEGIN                 00080000   00000002  00000002  00000000  RWIX
  FLASHA                00080002   00001ffe  00000000  00001ffe  RWIX
  FLASHB                00082000   00002000  00001939  000006c7  RWIX
  FLASHC                00084000   00002000  000001c0  00001e40  RWIX
  FLASHD                00086000   00002000  00000000  00002000  RWIX
  FLASHE                00088000   00008000  00000000  00008000  RWIX
  FLASHF                00090000   00008000  00000000  00008000  RWIX
  FLASHG                00098000   00008000  00000000  00008000  RWIX
  FLASHH                000a0000   00008000  00000000  00008000  RWIX
  FLASHI                000a8000   00008000  00000000  00008000  RWIX
  FLASHJ                000b0000   00008000  00000000  00008000  RWIX
  FLASHK                000b8000   00002000  00000000  00002000  RWIX
  FLASHL                000ba000   00002000  00000000  00002000  RWIX
  FLASHM                000bc000   00002000  00000000  00002000  RWIX
  FLASHN                000be000   00002000  00000000  00002000  RWIX
  RESET                 003fffc0   00000002  00000000  00000002  RWIX

PAGE 1:
  BOOT_RSVD             00000002   00000120  00000000  00000120  RWIX
  RAMM1                 00000400   00000400  00000000  00000400  RWIX
  ADCA_RESULT           00000b00   00000020  00000018  00000008  RWIX
  ADCB_RESULT           00000b20   00000020  00000018  00000008  RWIX
  ADCC_RESULT           00000b40   00000020  00000018  00000008  RWIX
  ADCD_RESULT           00000b60   00000020  00000018  00000008  RWIX
  CPU_TIMER0            00000c00   00000008  00000008  00000000  RWIX
  CPU_TIMER1            00000c08   00000008  00000008  00000000  RWIX
  CPU_TIMER2            00000c10   00000008  00000008  00000000  RWIX
  PIE_CTRL              00000ce0   00000020  0000001a  00000006  RWIX
  PIE_VECT              00000d00   00000200  000001c0  00000040  RWIX
  DMA                   00001000   00000200  000000e0  00000120  RWIX
  CLA1                  00001400   00000040  00000040  00000000  RWIX
  EPWM1                 00004000   00000100  00000100  00000000  RWIX
  EPWM2                 00004100   00000100  00000100  00000000  RWIX
  EPWM3                 00004200   00000100  00000100  00000000  RWIX
  EPWM4                 00004300   00000100  00000100  00000000  RWIX
  EPWM5                 00004400   00000100  00000100  00000000  RWIX
  EPWM6                 00004500   00000100  00000100  00000000  RWIX
  EPWM7                 00004600   00000100  00000100  00000000  RWIX
  EPWM8                 00004700   00000100  00000100  00000000  RWIX
  EPWM9                 00004800   00000100  00000100  00000000  RWIX
  EPWM10                00004900   00000100  00000100  00000000  RWIX
  EPWM11                00004a00   00000100  00000100  00000000  RWIX
  EPWM12                00004b00   00000100  00000100  00000000  RWIX
  ECAP1                 00005000   00000020  00000020  00000000  RWIX
  ECAP2                 00005020   00000020  00000020  00000000  RWIX
  ECAP3                 00005040   00000020  00000020  00000000  RWIX
  ECAP4                 00005060   00000020  00000020  00000000  RWIX
  ECAP5                 00005080   00000020  00000020  00000000  RWIX
  ECAP6                 000050a0   00000020  00000020  00000000  RWIX
  EQEP1                 00005100   00000040  00000022  0000001e  RWIX
  EQEP2                 00005140   00000040  00000022  0000001e  RWIX
  EQEP3                 00005180   00000040  00000022  0000001e  RWIX
  DACA                  00005c00   00000010  00000008  00000008  RWIX
  DACB                  00005c10   00000010  00000008  00000008  RWIX
  DACC                  00005c20   00000010  00000008  00000008  RWIX
  CMPSS1                00005c80   00000020  00000020  00000000  RWIX
  CMPSS2                00005ca0   00000020  00000020  00000000  RWIX
  CMPSS3                00005cc0   00000020  00000020  00000000  RWIX
  CMPSS4                00005ce0   00000020  00000020  00000000  RWIX
  CMPSS5                00005d00   00000020  00000020  00000000  RWIX
  CMPSS6                00005d20   00000020  00000020  00000000  RWIX
  CMPSS7                00005d40   00000020  00000020  00000000  RWIX
  CMPSS8                00005d60   00000020  00000020  00000000  RWIX
  SDFM1                 00005e00   00000080  00000080  00000000  RWIX
  SDFM2                 00005e80   00000080  00000080  00000000  RWIX
  MCBSPA                00006000   00000040  00000024  0000001c  RWIX
  MCBSPB                00006040   00000040  00000024  0000001c  RWIX
  SPIA                  00006100   00000010  00000010  00000000  RWIX
  SPIB                  00006110   00000010  00000010  00000000  RWIX
  SPIC                  00006120   00000010  00000010  00000000  RWIX
  SPID                  00006130   00000010  00000010  00000000  RWIX
  UPP                   00006200   00000100  00000048  000000b8  RWIX
  WD                    00007000   00000040  0000002b  00000015  RWIX
  NMIINTRUPT            00007060   00000010  00000007  00000009  RWIX
  XINT                  00007070   00000010  0000000b  00000005  RWIX
  SCIA                  00007200   00000010  00000010  00000000  RWIX
  SCIB                  00007210   00000010  00000010  00000000  RWIX
  SCIC                  00007220   00000010  00000010  00000000  RWIX
  SCID                  00007230   00000010  00000010  00000000  RWIX
  I2CA                  00007300   00000040  00000022  0000001e  RWIX
  I2CB                  00007340   00000040  00000022  0000001e  RWIX
  ADCA                  00007400   00000080  00000080  00000000  RWIX
  ADCB                  00007480   00000080  00000080  00000000  RWIX
  ADCC                  00007500   00000080  00000080  00000000  RWIX
  ADCD                  00007580   00000080  00000080  00000000  RWIX
  TRIG                  00007900   00000050  00000046  0000000a  RWIX
  DMACLASRCSEL          00007980   00000040  0000001a  00000026  RWIX
  EPWM_XBAR             00007a00   00000040  00000040  00000000  RWIX
  CLB_XBAR              00007a40   00000040  00000000  00000040  RWIX
  GPIO_OUT_XBAR         00007a80   00000040  00000040  00000000  RWIX
  GPIOCTRL              00007c00   00000180  00000180  00000000  RWIX
  GPIODAT               00007f00   00000030  00000030  00000000  RWIX
  RAMLS3                00009800   00000800  00000274  0000058c  RWIX
  RAMLS5                0000a800   00000800  00000000  00000800  RWIX
  RAMD1                 0000b800   00000800  00000000  00000800  RWIX
  RAMGS0                0000c000   00001000  00000000  00001000  RWIX
  RAMGS1                0000d000   00001000  00000000  00001000  RWIX
  RAMGS2                0000e000   00001000  00000000  00001000  RWIX
  RAMGS3                0000f000   00001000  00000000  00001000  RWIX
  RAMGS4                00010000   00001000  00000000  00001000  RWIX
  RAMGS5                00011000   00001000  00000000  00001000  RWIX
  RAMGS6                00012000   00001000  00000000  00001000  RWIX
  RAMGS7                00013000   00001000  00000000  00001000  RWIX
  RAMGS8                00014000   00001000  00000000  00001000  RWIX
  RAMGS9                00015000   00001000  00000000  00001000  RWIX
  RAMGS10               00016000   00001000  00000000  00001000  RWIX
  RAMGS11               00017000   00001000  00000000  00001000  RWIX
  RAMGS12               00018000   00001000  00000000  00001000  RWIX
  RAMGS13               00019000   00001000  00000000  00001000  RWIX
  CPU2TOCPU1RAM         0003f800   00000400  00000000  00000400  RWIX
  CPU1TOCPU2RAM         0003fc00   00000400  00000000  00000400  RWIX
  EMIF1                 00047000   00000800  00000070  00000790  RWIX
  EMIF2                 00047800   00000800  00000070  00000790  RWIX
  DCANA                 00048000   00001000  00000200  00000e00  RWIX
  DCANB                 0004a000   00001000  00000200  00000e00  RWIX
  IPC                   00050000   00001000  00000026  00000fda  RWIX
  DEV_CFG               0005d000   00000180  0000012e  00000052  RWIX
  ANALOG_SUBSYS         0005d180   00000080  00000048  00000038  RWIX
  CLK_CFG               0005d200   00000100  00000032  000000ce  RWIX
  CPU_SYS               0005d300   00000100  00000082  0000007e  RWIX
  HWBIST                0005e000   00000100  000000a2  0000005e  RWIX
  PBIST                 0005e200   00000200  000001e6  0000001a  RWIX
  ROMPREFETCH           0005e608   00000002  00000002  00000000  RWIX
  DCSM_Z1               0005f000   00000030  00000024  0000000c  RWIX
  DCSM_Z2               0005f040   00000030  00000024  0000000c  RWIX
  DCSM_COMMON           0005f070   00000010  00000008  00000008  RWIX
  MEMCFG                0005f400   00000080  00000080  00000000  RWIX
  EMIF1CONFIG           0005f480   00000020  00000020  00000000  RWIX
  EMIF2CONFIG           0005f4a0   00000020  00000020  00000000  RWIX
  ACCESSPROTECTION      0005f4c0   00000040  00000040  00000000  RWIX
  MEMORYERROR           0005f500   00000040  00000040  00000000  RWIX
  ROMWAITSTATE          0005f540   00000002  00000002  00000000  RWIX
  FLASH_CTRL            0005f800   00000300  00000182  0000017e  RWIX
  FLASH_ECC             0005fb00   00000040  00000028  00000018  RWIX
  DCSM_OTP_Z1           00078800   00000020  0000001a  00000006  RWIX
  DCSM_OTP_Z2           00078900   00000020  0000001a  00000006  RWIX


SECTION ALLOCATION MAP

 output                                  attributes/
section   page    origin      length       input sections
--------  ----  ----------  ----------   ----------------
.cinit     0    0008390b    0000002e     
                  0008390b    00000014     main.obj (.cinit)
                  0008391f    0000000e     rts2800_fpu32.lib : exit.c.obj (.cinit)
                  0008392d    00000005                       : _lock.c.obj (.cinit:__lock)
                  00083932    00000005                       : _lock.c.obj (.cinit:__unlock)
                  00083937    00000002     --HOLE-- [fill = 0]

.pinit     0    00082000    00000000     UNINITIALIZED

codestart 
*          0    00080000    00000002     
                  00080000    00000002     F2837xD_CodeStartBranch.obj (codestart)

ramfuncs   0    00082000    00000029     RUN ADDR = 00008000
                  00082000    00000025     main.obj (ramfuncs)
                  00082025    00000004     F2837xD_usDelay.obj (ramfuncs)

.text      0    00082029    000018e2     
                  00082029    00000e41     main.obj (.text)
                  00082e6a    000008c6     main.obj (.text:retain)
                  00083730    000000ca     F2837xD_TempSensorConv.obj (.text)
                  000837fa    00000056     rts2800_fpu32.lib : boot28.asm.obj (.text)
                  00083850    00000029                       : exit.c.obj (.text)
                  00083879    00000024                       : cpy_tbl.c.obj (.text)
                  0008389d    0000001d                       : memcpy.c.obj (.text)
                  000838ba    00000019                       : args_main.c.obj (.text)
                  000838d3    00000018                       : ll_aox28.asm.obj (.text)
                  000838eb    0000000c                       : memset.c.obj (.text)
                  000838f7    00000009                       : _lock.c.obj (.text)
                  00083900    00000008     F2837xD_CodeStartBranch.obj (.text)
                  00083908    00000002     rts2800_fpu32.lib : pre_init.c.obj (.text)
                  0008390a    00000001                       : startup.c.obj (.text)

.stack     1    00009800    00000200     UNINITIALIZED
                  00009800    00000200     --HOLE--

.ebss      1    00009a00    00000074     UNINITIALIZED
                  00009a00    00000064     main.obj (.ebss)
                  00009a64    00000006     F2837xD_TempSensorConv.obj (.ebss)
                  00009a6a    00000006     rts2800_fpu32.lib : exit.c.obj (.ebss)
                  00009a70    00000002                       : _lock.c.obj (.ebss:__lock)
                  00009a72    00000002                       : _lock.c.obj (.ebss:__unlock)

.econst    0    00084000    000001c0     
                  00084000    000001c0     main.obj (.econst:_PieVectTableInit)

.reset     0    003fffc0    00000002     DSECT
                  003fffc0    00000002     rts2800_fpu32.lib : boot28.asm.obj (.reset)

AdcaResultFile 
*          1    00000b00    00000018     UNINITIALIZED
                  00000b00    00000018     main.obj (AdcaResultFile)

AdcbResultFile 
*          1    00000b20    00000018     UNINITIALIZED
                  00000b20    00000018     main.obj (AdcbResultFile)

AdccResultFile 
*          1    00000b40    00000018     UNINITIALIZED
                  00000b40    00000018     main.obj (AdccResultFile)

AdcdResultFile 
*          1    00000b60    00000018     UNINITIALIZED
                  00000b60    00000018     main.obj (AdcdResultFile)

CpuTimer0RegsFile 
*          1    00000c00    00000008     UNINITIALIZED
                  00000c00    00000008     main.obj (CpuTimer0RegsFile)

CpuTimer1RegsFile 
*          1    00000c08    00000008     UNINITIALIZED
                  00000c08    00000008     main.obj (CpuTimer1RegsFile)

CpuTimer2RegsFile 
*          1    00000c10    00000008     UNINITIALIZED
                  00000c10    00000008     main.obj (CpuTimer2RegsFile)

PieCtrlRegsFile 
*          1    00000ce0    0000001a     UNINITIALIZED
                  00000ce0    0000001a     main.obj (PieCtrlRegsFile)

PieVectTableFile 
*          1    00000d00    000001c0     UNINITIALIZED
                  00000d00    000001c0     main.obj (PieVectTableFile)

EmuKeyVar 
*          1    00000d00    00000001     UNINITIALIZED
                  00000d00    00000001     main.obj (EmuKeyVar)

EmuBModeVar 
*          1    00000d01    00000001     UNINITIALIZED
                  00000d01    00000001     main.obj (EmuBModeVar)

FlashCallbackVar 
*          1    00000d02    00000000     UNINITIALIZED

FlashScalingVar 
*          1    00000d02    00000000     UNINITIALIZED

DmaRegsFile 
*          1    00001000    000000e0     UNINITIALIZED
                  00001000    000000e0     main.obj (DmaRegsFile)

Cla1RegsFile 
*          1    00001400    00000040     UNINITIALIZED
                  00001400    00000040     main.obj (Cla1RegsFile)

EPwm1RegsFile 
*          1    00004000    00000100     UNINITIALIZED
                  00004000    00000100     main.obj (EPwm1RegsFile)

EPwm2RegsFile 
*          1    00004100    00000100     UNINITIALIZED
                  00004100    00000100     main.obj (EPwm2RegsFile)

EPwm3RegsFile 
*          1    00004200    00000100     UNINITIALIZED
                  00004200    00000100     main.obj (EPwm3RegsFile)

EPwm4RegsFile 
*          1    00004300    00000100     UNINITIALIZED
                  00004300    00000100     main.obj (EPwm4RegsFile)

EPwm5RegsFile 
*          1    00004400    00000100     UNINITIALIZED
                  00004400    00000100     main.obj (EPwm5RegsFile)

EPwm6RegsFile 
*          1    00004500    00000100     UNINITIALIZED
                  00004500    00000100     main.obj (EPwm6RegsFile)

EPwm7RegsFile 
*          1    00004600    00000100     UNINITIALIZED
                  00004600    00000100     main.obj (EPwm7RegsFile)

EPwm8RegsFile 
*          1    00004700    00000100     UNINITIALIZED
                  00004700    00000100     main.obj (EPwm8RegsFile)

EPwm9RegsFile 
*          1    00004800    00000100     UNINITIALIZED
                  00004800    00000100     main.obj (EPwm9RegsFile)

EPwm10RegsFile 
*          1    00004900    00000100     UNINITIALIZED
                  00004900    00000100     main.obj (EPwm10RegsFile)

EPwm11RegsFile 
*          1    00004a00    00000100     UNINITIALIZED
                  00004a00    00000100     main.obj (EPwm11RegsFile)

EPwm12RegsFile 
*          1    00004b00    00000100     UNINITIALIZED
                  00004b00    00000100     main.obj (EPwm12RegsFile)

ECap1RegsFile 
*          1    00005000    00000020     UNINITIALIZED
                  00005000    00000020     main.obj (ECap1RegsFile)

ECap2RegsFile 
*          1    00005020    00000020     UNINITIALIZED
                  00005020    00000020     main.obj (ECap2RegsFile)

ECap3RegsFile 
*          1    00005040    00000020     UNINITIALIZED
                  00005040    00000020     main.obj (ECap3RegsFile)

ECap4RegsFile 
*          1    00005060    00000020     UNINITIALIZED
                  00005060    00000020     main.obj (ECap4RegsFile)

ECap5RegsFile 
*          1    00005080    00000020     UNINITIALIZED
                  00005080    00000020     main.obj (ECap5RegsFile)

ECap6RegsFile 
*          1    000050a0    00000020     UNINITIALIZED
                  000050a0    00000020     main.obj (ECap6RegsFile)

EQep1RegsFile 
*          1    00005100    00000022     UNINITIALIZED
                  00005100    00000022     main.obj (EQep1RegsFile)

EQep2RegsFile 
*          1    00005140    00000022     UNINITIALIZED
                  00005140    00000022     main.obj (EQep2RegsFile)

EQep3RegsFile 
*          1    00005180    00000022     UNINITIALIZED
                  00005180    00000022     main.obj (EQep3RegsFile)

DacaRegsFile 
*          1    00005c00    00000008     UNINITIALIZED
                  00005c00    00000008     main.obj (DacaRegsFile)

DacbRegsFile 
*          1    00005c10    00000008     UNINITIALIZED
                  00005c10    00000008     main.obj (DacbRegsFile)

DaccRegsFile 
*          1    00005c20    00000008     UNINITIALIZED
                  00005c20    00000008     main.obj (DaccRegsFile)

Sdfm1RegsFile 
*          1    00005e00    00000080     UNINITIALIZED
                  00005e00    00000080     main.obj (Sdfm1RegsFile)

Sdfm2RegsFile 
*          1    00005e80    00000080     UNINITIALIZED
                  00005e80    00000080     main.obj (Sdfm2RegsFile)

McbspaRegsFile 
*          1    00006000    00000024     UNINITIALIZED
                  00006000    00000024     main.obj (McbspaRegsFile)

McbspbRegsFile 
*          1    00006040    00000024     UNINITIALIZED
                  00006040    00000024     main.obj (McbspbRegsFile)

SpiaRegsFile 
*          1    00006100    00000010     UNINITIALIZED
                  00006100    00000010     main.obj (SpiaRegsFile)

SpibRegsFile 
*          1    00006110    00000010     UNINITIALIZED
                  00006110    00000010     main.obj (SpibRegsFile)

SpicRegsFile 
*          1    00006120    00000010     UNINITIALIZED
                  00006120    00000010     main.obj (SpicRegsFile)

SpidRegsFile 
*          1    00006130    00000010     UNINITIALIZED
                  00006130    00000010     main.obj (SpidRegsFile)

UppRegsFile 
*          1    00006200    00000048     UNINITIALIZED
                  00006200    00000048     main.obj (UppRegsFile)

WdRegsFile 
*          1    00007000    0000002b     UNINITIALIZED
                  00007000    0000002b     main.obj (WdRegsFile)

NmiIntruptRegsFile 
*          1    00007060    00000007     UNINITIALIZED
                  00007060    00000007     main.obj (NmiIntruptRegsFile)

XintRegsFile 
*          1    00007070    0000000b     UNINITIALIZED
                  00007070    0000000b     main.obj (XintRegsFile)

SciaRegsFile 
*          1    00007200    00000010     UNINITIALIZED
                  00007200    00000010     main.obj (SciaRegsFile)

ScibRegsFile 
*          1    00007210    00000010     UNINITIALIZED
                  00007210    00000010     main.obj (ScibRegsFile)

ScicRegsFile 
*          1    00007220    00000010     UNINITIALIZED
                  00007220    00000010     main.obj (ScicRegsFile)

ScidRegsFile 
*          1    00007230    00000010     UNINITIALIZED
                  00007230    00000010     main.obj (ScidRegsFile)

I2caRegsFile 
*          1    00007300    00000022     UNINITIALIZED
                  00007300    00000022     main.obj (I2caRegsFile)

I2cbRegsFile 
*          1    00007340    00000022     UNINITIALIZED
                  00007340    00000022     main.obj (I2cbRegsFile)

AdcaRegsFile 
*          1    00007400    00000080     UNINITIALIZED
                  00007400    00000080     main.obj (AdcaRegsFile)

AdcbRegsFile 
*          1    00007480    00000080     UNINITIALIZED
                  00007480    00000080     main.obj (AdcbRegsFile)

AdccRegsFile 
*          1    00007500    00000080     UNINITIALIZED
                  00007500    00000080     main.obj (AdccRegsFile)

AdcdRegsFile 
*          1    00007580    00000080     UNINITIALIZED
                  00007580    00000080     main.obj (AdcdRegsFile)

TrigRegsFile 
*          1    00007900    00000046     UNINITIALIZED
                  00007900    00000046     main.obj (TrigRegsFile)

DmaClaSrcSelRegsFile 
*          1    00007980    0000001a     UNINITIALIZED
                  00007980    0000001a     main.obj (DmaClaSrcSelRegsFile)

EPwmXbarRegsFile 
*          1    00007a00    00000040     UNINITIALIZED
                  00007a00    00000040     main.obj (EPwmXbarRegsFile)

GpioOutXbarRegsFile 
*          1    00007a80    00000040     UNINITIALIZED
                  00007a80    00000040     main.obj (GpioOutXbarRegsFile)

GpioCtrlRegsFile 
*          1    00007c00    00000180     UNINITIALIZED
                  00007c00    00000180     main.obj (GpioCtrlRegsFile)

GpioDataRegsFile 
*          1    00007f00    00000030     UNINITIALIZED
                  00007f00    00000030     main.obj (GpioDataRegsFile)

Emif1RegsFile 
*          1    00047000    00000070     UNINITIALIZED
                  00047000    00000070     main.obj (Emif1RegsFile)

Emif2RegsFile 
*          1    00047800    00000070     UNINITIALIZED
                  00047800    00000070     main.obj (Emif2RegsFile)

IpcRegsFile 
*          1    00050000    00000026     UNINITIALIZED
                  00050000    00000026     main.obj (IpcRegsFile)

DevCfgRegsFile 
*          1    0005d000    0000012e     UNINITIALIZED
                  0005d000    0000012e     main.obj (DevCfgRegsFile)

AnalogSubsysRegsFile 
*          1    0005d180    00000048     UNINITIALIZED
                  0005d180    00000048     main.obj (AnalogSubsysRegsFile)

Cla1SoftIntRegsFile 
*          1    00000ce0    00000004     DSECT
                  00000ce0    00000004     main.obj (Cla1SoftIntRegsFile)

Cmpss1RegsFile 
*          1    00005c80    00000020     UNINITIALIZED
                  00005c80    00000020     main.obj (Cmpss1RegsFile)

Cmpss2RegsFile 
*          1    00005ca0    00000020     UNINITIALIZED
                  00005ca0    00000020     main.obj (Cmpss2RegsFile)

Cmpss3RegsFile 
*          1    00005cc0    00000020     UNINITIALIZED
                  00005cc0    00000020     main.obj (Cmpss3RegsFile)

Cmpss4RegsFile 
*          1    00005ce0    00000020     UNINITIALIZED
                  00005ce0    00000020     main.obj (Cmpss4RegsFile)

Cmpss5RegsFile 
*          1    00005d00    00000020     UNINITIALIZED
                  00005d00    00000020     main.obj (Cmpss5RegsFile)

Cmpss6RegsFile 
*          1    00005d20    00000020     UNINITIALIZED
                  00005d20    00000020     main.obj (Cmpss6RegsFile)

Cmpss7RegsFile 
*          1    00005d40    00000020     UNINITIALIZED
                  00005d40    00000020     main.obj (Cmpss7RegsFile)

Cmpss8RegsFile 
*          1    00005d60    00000020     UNINITIALIZED
                  00005d60    00000020     main.obj (Cmpss8RegsFile)

DcanaRegsFile 
*          1    00048000    00000200     UNINITIALIZED
                  00048000    00000200     main.obj (DcanaRegsFile)

DcanbRegsFile 
*          1    0004a000    00000200     UNINITIALIZED
                  0004a000    00000200     main.obj (DcanbRegsFile)

ClkCfgRegsFile 
*          1    0005d200    00000032     UNINITIALIZED
                  0005d200    00000032     main.obj (ClkCfgRegsFile)

CpuSysRegsFile 
*          1    0005d300    00000082     UNINITIALIZED
                  0005d300    00000082     main.obj (CpuSysRegsFile)

HwbistRegsFile 
*          1    0005e000    000000a2     UNINITIALIZED
                  0005e000    000000a2     main.obj (HwbistRegsFile)

PbistRegsFile 
*          1    0005e200    000001e6     UNINITIALIZED
                  0005e200    000001e6     main.obj (PbistRegsFile)

RomPrefetchRegsFile 
*          1    0005e608    00000002     UNINITIALIZED
                  0005e608    00000002     main.obj (RomPrefetchRegsFile)

DcsmRegsZ1File 
*          1    0005f000    00000024     UNINITIALIZED
                  0005f000    00000024     main.obj (DcsmRegsZ1File)

DcsmRegsZ2File 
*          1    0005f040    00000024     UNINITIALIZED
                  0005f040    00000024     main.obj (DcsmRegsZ2File)

DcsmRegsCommonFile 
*          1    0005f070    00000008     UNINITIALIZED
                  0005f070    00000008     main.obj (DcsmRegsCommonFile)

MemCfgRegsFile 
*          1    0005f400    00000080     UNINITIALIZED
                  0005f400    00000080     main.obj (MemCfgRegsFile)

Emif1ConfigRegsFile 
*          1    0005f480    00000020     UNINITIALIZED
                  0005f480    00000020     main.obj (Emif1ConfigRegsFile)

Emif2ConfigRegsFile 
*          1    0005f4a0    00000020     UNINITIALIZED
                  0005f4a0    00000020     main.obj (Emif2ConfigRegsFile)

AccessProtectionRegsFile 
*          1    0005f4c0    00000040     UNINITIALIZED
                  0005f4c0    00000040     main.obj (AccessProtectionRegsFile)

MemoryErrorRegsFile 
*          1    0005f500    00000040     UNINITIALIZED
                  0005f500    00000040     main.obj (MemoryErrorRegsFile)

RomWaitStateRegsFile 
*          1    0005f540    00000002     UNINITIALIZED
                  0005f540    00000002     main.obj (RomWaitStateRegsFile)

FlashCtrlRegsFile 
*          1    0005f800    00000182     UNINITIALIZED
                  0005f800    00000182     main.obj (FlashCtrlRegsFile)

FlashEccRegsFile 
*          1    0005fb00    00000028     UNINITIALIZED
                  0005fb00    00000028     main.obj (FlashEccRegsFile)

DcsmOtpZ1File 
*          1    00078800    0000001a     UNINITIALIZED
                  00078800    0000001a     main.obj (DcsmOtpZ1File)

DcsmOtpZ2File 
*          1    00078900    0000001a     UNINITIALIZED
                  00078900    0000001a     main.obj (DcsmOtpZ2File)

MODULE SUMMARY

       Module                        code   initialized data   uninitialized data
       ------                        ----   ----------------   ------------------
    .\
       main.obj                      5969   468                9825              
       F2837xD_TempSensorConv.obj    202    0                  6                 
       F2837xD_CodeStartBranch.obj   10     0                  0                 
       F2837xD_usDelay.obj           8      0                  0                 
    +--+-----------------------------+------+------------------+--------------------+
       Total:                        6189   468                9831              
                                                                                 
    C:/ti/ccsv8/tools/compiler/ti-cgt-c2000_18.1.4.LTS/lib/rts2800_fpu32.lib
       boot28.asm.obj                86     0                  0                 
       exit.c.obj                    41     14                 6                 
       cpy_tbl.c.obj                 36     0                  0                 
       memcpy.c.obj                  29     0                  0                 
       args_main.c.obj               25     0                  0                 
       ll_aox28.asm.obj              24     0                  0                 
       _lock.c.obj                   9      10                 4                 
       memset.c.obj                  12     0                  0                 
       pre_init.c.obj                2      0                  0                 
       startup.c.obj                 1      0                  0                 
    +--+-----------------------------+------+------------------+--------------------+
       Total:                        265    24                 10                
                                                                                 
       Stack:                        0      0                  512               
    +--+-----------------------------+------+------------------+--------------------+
       Grand Total:                  6454   492                10353             


GLOBAL DATA SYMBOLS: SORTED BY DATA PAGE

address     data page           name
--------    ----------------    ----
00000b00      2c (00000b00)     _AdcaResultRegs
00000b20      2c (00000b00)     _AdcbResultRegs

00000b40      2d (00000b40)     _AdccResultRegs
00000b60      2d (00000b40)     _AdcdResultRegs

00000c00      30 (00000c00)     _CpuTimer0Regs
00000c08      30 (00000c00)     _CpuTimer1Regs
00000c10      30 (00000c00)     _CpuTimer2Regs

00000ce0      33 (00000cc0)     _Cla1SoftIntRegs
00000ce0      33 (00000cc0)     _PieCtrlRegs

00000d00      34 (00000d00)     _EmuKey
00000d00      34 (00000d00)     _PieVectTable
00000d01      34 (00000d00)     _EmuBMode

00001000      40 (00001000)     _DmaRegs

00001400      50 (00001400)     _Cla1Regs

00004000     100 (00004000)     _EPwm1Regs

00004100     104 (00004100)     _EPwm2Regs

00004200     108 (00004200)     _EPwm3Regs

00004300     10c (00004300)     _EPwm4Regs

00004400     110 (00004400)     _EPwm5Regs

00004500     114 (00004500)     _EPwm6Regs

00004600     118 (00004600)     _EPwm7Regs

00004700     11c (00004700)     _EPwm8Regs

00004800     120 (00004800)     _EPwm9Regs

00004900     124 (00004900)     _EPwm10Regs

00004a00     128 (00004a00)     _EPwm11Regs

00004b00     12c (00004b00)     _EPwm12Regs

00005000     140 (00005000)     _ECap1Regs
00005020     140 (00005000)     _ECap2Regs

00005040     141 (00005040)     _ECap3Regs
00005060     141 (00005040)     _ECap4Regs

00005080     142 (00005080)     _ECap5Regs
000050a0     142 (00005080)     _ECap6Regs

00005100     144 (00005100)     _EQep1Regs

00005140     145 (00005140)     _EQep2Regs

00005180     146 (00005180)     _EQep3Regs

00005c00     170 (00005c00)     _DacaRegs
00005c10     170 (00005c00)     _DacbRegs
00005c20     170 (00005c00)     _DaccRegs

00005c80     172 (00005c80)     _Cmpss1Regs
00005ca0     172 (00005c80)     _Cmpss2Regs

00005cc0     173 (00005cc0)     _Cmpss3Regs
00005ce0     173 (00005cc0)     _Cmpss4Regs

00005d00     174 (00005d00)     _Cmpss5Regs
00005d20     174 (00005d00)     _Cmpss6Regs

00005d40     175 (00005d40)     _Cmpss7Regs
00005d60     175 (00005d40)     _Cmpss8Regs

00005e00     178 (00005e00)     _Sdfm1Regs

00005e80     17a (00005e80)     _Sdfm2Regs

00006000     180 (00006000)     _McbspaRegs

00006040     181 (00006040)     _McbspbRegs

00006100     184 (00006100)     _SpiaRegs
00006110     184 (00006100)     _SpibRegs
00006120     184 (00006100)     _SpicRegs
00006130     184 (00006100)     _SpidRegs

00006200     188 (00006200)     _UppRegs

00007000     1c0 (00007000)     _WdRegs

00007060     1c1 (00007040)     _NmiIntruptRegs
00007070     1c1 (00007040)     _XintRegs

00007200     1c8 (00007200)     _SciaRegs
00007210     1c8 (00007200)     _ScibRegs
00007220     1c8 (00007200)     _ScicRegs
00007230     1c8 (00007200)     _ScidRegs

00007300     1cc (00007300)     _I2caRegs

00007340     1cd (00007340)     _I2cbRegs

00007400     1d0 (00007400)     _AdcaRegs

00007480     1d2 (00007480)     _AdcbRegs

00007500     1d4 (00007500)     _AdccRegs

00007580     1d6 (00007580)     _AdcdRegs

00007900     1e4 (00007900)     _TrigRegs

00007980     1e6 (00007980)     _DmaClaSrcSelRegs

00007a00     1e8 (00007a00)     _EPwmXbarRegs

00007a80     1ea (00007a80)     _OutputXbarRegs

00007c00     1f0 (00007c00)     _GpioCtrlRegs

00007f00     1fc (00007f00)     _GpioDataRegs

00009800     260 (00009800)     __stack

00009a01     268 (00009a00)     _DSP_Temp_Sensor_adc
00009a02     268 (00009a00)     _DSP_Temp_Sensor
00009a04     268 (00009a00)     _Vdc_M3_adc
00009a06     268 (00009a00)     _Is_M1_PhB_adc
00009a08     268 (00009a00)     _Vdc_M4_adc
00009a0a     268 (00009a00)     _Is_M1_PhA_adc
00009a0c     268 (00009a00)     _Is_M1_PhB
00009a0e     268 (00009a00)     _Vdc_M1_adc
00009a10     268 (00009a00)     _Vdc_M2_adc
00009a12     268 (00009a00)     _vrefhi_voltage
00009a14     268 (00009a00)     _Voltage_TransferFunction
00009a16     268 (00009a00)     _Is_M3_PhA_adc
00009a18     268 (00009a00)     _Is_M4_PhA_adc
00009a1a     268 (00009a00)     _Is_M3_PhB_adc
00009a1c     268 (00009a00)     _Is_M4_PhC_adc
00009a1e     268 (00009a00)     _Is_M3_PhC_adc
00009a20     268 (00009a00)     _Is_M1_PhC_adc
00009a22     268 (00009a00)     _Is_M1_PhC
00009a24     268 (00009a00)     _Is_M2_PhA_adc
00009a26     268 (00009a00)     _Is_M2_PhC_adc
00009a28     268 (00009a00)     _Is_M2_PhB_adc
00009a2a     268 (00009a00)     _Is_M4_PhB_adc
00009a2c     268 (00009a00)     _Is_M3_PhA
00009a2e     268 (00009a00)     _Current_Offset
00009a30     268 (00009a00)     _Vdc_M3
00009a32     268 (00009a00)     _Is_M3_PhC
00009a34     268 (00009a00)     _Is_M3_PhB
00009a36     268 (00009a00)     _Vdc_M1
00009a38     268 (00009a00)     _Vdc_M2
00009a3a     268 (00009a00)     _Is_M2_PhB
00009a3c     268 (00009a00)     _Is_M2_PhC
00009a3e     268 (00009a00)     _Is_M4_PhC

00009a40     269 (00009a40)     _Is_M2_PhA
00009a42     269 (00009a40)     _Current_TransferFunction
00009a44     269 (00009a40)     _Is_M4_PhB
00009a46     269 (00009a40)     _Is_M4_PhA
00009a48     269 (00009a40)     _Is_M1_PhA
00009a4a     269 (00009a40)     _Vdc_M4
00009a4c     269 (00009a40)     _CpuTimer1
00009a54     269 (00009a40)     _CpuTimer0
00009a5c     269 (00009a40)     _CpuTimer2
00009a64     269 (00009a40)     _tempSensor_tempOffset
00009a66     269 (00009a40)     _tempSensor_scaleFactor
00009a68     269 (00009a40)     _tempSensor_tempSlope
00009a6a     269 (00009a40)     ___TI_enable_exit_profile_output
00009a6c     269 (00009a40)     ___TI_cleanup_ptr
00009a6e     269 (00009a40)     ___TI_dtors_ptr
00009a70     269 (00009a40)     __lock
00009a72     269 (00009a40)     __unlock

00047000    11c0 (00047000)     _Emif1Regs

00047800    11e0 (00047800)     _Emif2Regs

00048000    1200 (00048000)     _DcanaRegs

0004a000    1280 (0004a000)     _DcanbRegs

00050000    1400 (00050000)     _IpcRegs

0005d000    1740 (0005d000)     _DevCfgRegs

0005d180    1746 (0005d180)     _AnalogSubsysRegs

0005d200    1748 (0005d200)     _ClkCfgRegs

0005d300    174c (0005d300)     _CpuSysRegs

0005e000    1780 (0005e000)     _HwbistRegs

0005e200    1788 (0005e200)     _PbistRegs

0005e608    1798 (0005e600)     _RomPrefetchRegs

0005f000    17c0 (0005f000)     _DcsmZ1Regs

0005f040    17c1 (0005f040)     _DcsmZ2Regs
0005f070    17c1 (0005f040)     _DcsmCommonRegs

0005f400    17d0 (0005f400)     _MemCfgRegs

0005f480    17d2 (0005f480)     _Emif1ConfigRegs
0005f4a0    17d2 (0005f480)     _Emif2ConfigRegs

0005f4c0    17d3 (0005f4c0)     _AccessProtectionRegs

0005f500    17d4 (0005f500)     _MemoryErrorRegs

0005f540    17d5 (0005f540)     _RomWaitStateRegs

0005f800    17e0 (0005f800)     _FlashCtrlRegs

0005fb00    17ec (0005fb00)     _FlashEccRegs

00078800    1e20 (00078800)     _DcsmZ1Otp

00078900    1e24 (00078900)     _DcsmZ2Otp

00084000    2100 (00084000)     _PieVectTableInit


GLOBAL SYMBOLS: SORTED ALPHABETICALLY BY Name 

page  address   name                            
----  -------   ----                            
0     00082029  .text                           
0     00083850  C$$EXIT                         
0     000838d3  LL$$AND                         
0     000838db  LL$$OR                          
0     000838e3  LL$$XOR                         
0     00082f28  _ADCA1_ISR                      
0     000831a8  _ADCA2_ISR                      
0     000831b2  _ADCA3_ISR                      
0     000831bc  _ADCA4_ISR                      
0     0008319e  _ADCA_EVT_ISR                   
0     00082f32  _ADCB1_ISR                      
0     000831d0  _ADCB2_ISR                      
0     000831da  _ADCB3_ISR                      
0     000831e4  _ADCB4_ISR                      
0     000831c6  _ADCB_EVT_ISR                   
0     00082f3c  _ADCC1_ISR                      
0     00083342  _ADCC2_ISR                      
0     0008334c  _ADCC3_ISR                      
0     00083356  _ADCC4_ISR                      
0     00083338  _ADCC_EVT_ISR                   
0     00082f5a  _ADCD1_ISR                      
0     0008336a  _ADCD2_ISR                      
0     00083374  _ADCD3_ISR                      
0     0008337e  _ADCD4_ISR                      
0     00083360  _ADCD_EVT_ISR                   
0     000833ba  _AUX_PLL_SLIP_ISR               
1     0005f4c0  _AccessProtectionRegs           
0     00082474  _AckIpcFlag                     
1     00007400  _AdcaRegs                       
1     00000b00  _AdcaResultRegs                 
1     00007480  _AdcbRegs                       
1     00000b20  _AdcbResultRegs                 
1     00007500  _AdccRegs                       
1     00000b40  _AdccResultRegs                 
1     00007580  _AdcdRegs                       
1     00000b60  _AdcdResultRegs                 
1     0005d180  _AnalogSubsysRegs               
0     0008275d  _AuxAuxClkSel                   
0     00082747  _AuxIntOsc2Sel                  
0     00082751  _AuxXtalOscSel                  
0     000831ee  _CLA1_1_ISR                     
0     000831f8  _CLA1_2_ISR                     
0     00083202  _CLA1_3_ISR                     
0     0008320c  _CLA1_4_ISR                     
0     00083216  _CLA1_5_ISR                     
0     00083220  _CLA1_6_ISR                     
0     0008322a  _CLA1_7_ISR                     
0     00083234  _CLA1_8_ISR                     
0     000833c4  _CLA_OVERFLOW_ISR               
0     000833ce  _CLA_UNDERFLOW_ISR              
0     0008247e  _CancelIpcFlag                  
1     00001400  _Cla1Regs                       
0     00000ce0  _Cla1SoftIntRegs                
1     0005d200  _ClkCfgRegs                     
1     00005c80  _Cmpss1Regs                     
1     00005ca0  _Cmpss2Regs                     
1     00005cc0  _Cmpss3Regs                     
1     00005ce0  _Cmpss4Regs                     
1     00005d00  _Cmpss5Regs                     
1     00005d20  _Cmpss6Regs                     
1     00005d40  _Cmpss7Regs                     
1     00005d60  _Cmpss8Regs                     
0     0008206a  _ConfigCpuTimer                 
1     0005d300  _CpuSysRegs                     
1     00009a54  _CpuTimer0                      
1     00000c00  _CpuTimer0Regs                  
1     00009a4c  _CpuTimer1                      
1     00000c08  _CpuTimer1Regs                  
1     00009a5c  _CpuTimer2                      
1     00000c10  _CpuTimer2Regs                  
0     000826fe  _CsmUnlock                      
1     00009a2e  _Current_Offset                 
1     00009a42  _Current_TransferFunction       
0     00082e7e  _DATALOG_ISR                    
0     00083176  _DCANA_1_ISR                    
0     00083180  _DCANA_2_ISR                    
0     0008318a  _DCANB_1_ISR                    
0     00083194  _DCANB_2_ISR                    
0     000830c2  _DMA_CH1_ISR                    
0     000830cc  _DMA_CH2_ISR                    
0     000830d6  _DMA_CH3_ISR                    
0     000830e0  _DMA_CH4_ISR                    
0     000830ea  _DMA_CH5_ISR                    
0     000830f4  _DMA_CH6_ISR                    
1     00009a02  _DSP_Temp_Sensor                
1     00009a01  _DSP_Temp_Sensor_adc            
1     00005c00  _DacaRegs                       
1     00005c10  _DacbRegs                       
1     00005c20  _DaccRegs                       
1     00048000  _DcanaRegs                      
1     0004a000  _DcanbRegs                      
1     0005f070  _DcsmCommonRegs                 
1     00078800  _DcsmZ1Otp                      
1     0005f000  _DcsmZ1Regs                     
1     00078900  _DcsmZ2Otp                      
1     0005f040  _DcsmZ2Regs                     
1     0005d000  _DevCfgRegs                     
0     000825d6  _DisableDog                     
1     00007980  _DmaClaSrcSelRegs               
1     00001000  _DmaRegs                        
0     00083018  _ECAP1_ISR                      
0     00083022  _ECAP2_ISR                      
0     0008302c  _ECAP3_ISR                      
0     00083036  _ECAP4_ISR                      
0     00083040  _ECAP5_ISR                      
0     0008304a  _ECAP6_ISR                      
1     00005000  _ECap1Regs                      
1     00005020  _ECap2Regs                      
1     00005040  _ECap3Regs                      
1     00005060  _ECap4Regs                      
1     00005080  _ECap5Regs                      
1     000050a0  _ECap6Regs                      
0     00083388  _EMIF_ERROR_ISR                 
0     000833e2  _EMPTY_ISR                      
0     00082e92  _EMU_ISR                        
0     000832de  _EPWM10_ISR                     
0     000832b6  _EPWM10_TZ_ISR                  
0     000832e8  _EPWM11_ISR                     
0     000832c0  _EPWM11_TZ_ISR                  
0     000832f2  _EPWM12_ISR                     
0     000832ca  _EPWM12_TZ_ISR                  
0     00082fc8  _EPWM1_ISR                      
0     00082f78  _EPWM1_TZ_ISR                   
0     00082fd2  _EPWM2_ISR                      
0     00082f82  _EPWM2_TZ_ISR                   
0     00082fdc  _EPWM3_ISR                      
0     00082f8c  _EPWM3_TZ_ISR                   
0     00082fe6  _EPWM4_ISR                      
0     00082f96  _EPWM4_TZ_ISR                   
0     00082ff0  _EPWM5_ISR                      
0     00082fa0  _EPWM5_TZ_ISR                   
0     00082ffa  _EPWM6_ISR                      
0     00082faa  _EPWM6_TZ_ISR                   
0     00083004  _EPWM7_ISR                      
0     00082fb4  _EPWM7_TZ_ISR                   
0     0008300e  _EPWM8_ISR                      
0     00082fbe  _EPWM8_TZ_ISR                   
0     000832d4  _EPWM9_ISR                      
0     000832ac  _EPWM9_TZ_ISR                   
1     00004900  _EPwm10Regs                     
1     00004a00  _EPwm11Regs                     
1     00004b00  _EPwm12Regs                     
1     00004000  _EPwm1Regs                      
1     00004100  _EPwm2Regs                      
1     00004200  _EPwm3Regs                      
1     00004300  _EPwm4Regs                      
1     00004400  _EPwm5Regs                      
1     00004500  _EPwm6Regs                      
1     00004600  _EPwm7Regs                      
1     00004700  _EPwm8Regs                      
1     00004800  _EPwm9Regs                      
1     00007a00  _EPwmXbarRegs                   
0     00083054  _EQEP1_ISR                      
0     0008305e  _EQEP2_ISR                      
0     00083068  _EQEP3_ISR                      
1     00005100  _EQep1Regs                      
1     00005140  _EQep2Regs                      
1     00005180  _EQep3Regs                      
1     0005f480  _Emif1ConfigRegs                
1     00047000  _Emif1Regs                      
1     0005f4a0  _Emif2ConfigRegs                
1     00047800  _Emif2Regs                      
1     00000d01  _EmuBMode                       
1     00000d00  _EmuKey                         
0     000824e9  _EnableInterrupts               
0     00008025  _F28x_usDelay                   
0     0008339c  _FLASH_CORRECTABLE_ERROR_ISR    
0     00083270  _FPU_OVERFLOW_ISR               
0     0008327a  _FPU_UNDERFLOW_ISR              
0     0008244d  _FillIpcSendData                
1     0005f800  _FlashCtrlRegs                  
1     0005fb00  _FlashEccRegs                   
0     0008238c  _GPIO_ReadPin                   
0     000823c1  _GPIO_SelectIpcInt              
0     00082331  _GPIO_SetupLock                 
0     00082211  _GPIO_SetupPinMux               
0     0008229d  _GPIO_SetupPinOptions           
0     0008235a  _GPIO_SetupXINT1Gpio            
0     00082364  _GPIO_SetupXINT2Gpio            
0     0008236e  _GPIO_SetupXINT3Gpio            
0     00082378  _GPIO_SetupXINT4Gpio            
0     00082382  _GPIO_SetupXINT5Gpio            
0     000823a3  _GPIO_WritePin                  
0     0008377d  _GetTemperatureC                
0     000837be  _GetTemperatureK                
1     00007c00  _GpioCtrlRegs                   
1     00007f00  _GpioDataRegs                   
0     00082843  _Gpio_Select                    
0     0008277b  _HALT                           
0     0008278b  _HIB                            
1     0005e000  _HwbistRegs                     
0     00083108  _I2CA_FIFO_ISR                  
0     000830fe  _I2CA_ISR                       
0     0008311c  _I2CB_FIFO_ISR                  
0     00083112  _I2CB_ISR                       
1     00007300  _I2caRegs                       
1     00007340  _I2cbRegs                       
0     00082767  _IDLE                           
0     00082ea6  _ILLEGAL_ISR                    
0     00083284  _IPC1_ISR                       
0     0008328e  _IPC2_ISR                       
0     00083298  _IPC3_ISR                       
0     000832a2  _IPC4_ISR                       
0     000821c6  _InitAPwm1Gpio                  
0     00082678  _InitAuxPll                     
0     00082029  _InitCpuTimers                  
0     00082188  _InitECap                       
0     0008218a  _InitECap1Gpio                  
0     00082194  _InitECap2Gpio                  
0     0008219e  _InitECap3Gpio                  
0     000821a8  _InitECap4Gpio                  
0     000821b2  _InitECap5Gpio                  
0     000821bc  _InitECap6Gpio                  
0     00082189  _InitECapGpio                   
0     0008214e  _InitEPwm10Gpio                 
0     00082161  _InitEPwm11Gpio                 
0     00082175  _InitEPwm12Gpio                 
0     000820a4  _InitEPwm1Gpio                  
0     000820b6  _InitEPwm2Gpio                  
0     000820c8  _InitEPwm3Gpio                  
0     000820dc  _InitEPwm4Gpio                  
0     000820f0  _InitEPwm5Gpio                  
0     00082102  _InitEPwm6Gpio                  
0     00082114  _InitEPwm7Gpio                  
0     00082128  _InitEPwm8Gpio                  
0     0008213c  _InitEPwm9Gpio                  
0     00082b8f  _InitEpwm1                      
0     00082db9  _InitEpwm10                     
0     00082df4  _InitEpwm11                     
0     00082e2f  _InitEpwm12                     
0     00082bd5  _InitEpwm2                      
0     00082c1c  _InitEpwm3                      
0     00082c57  _InitEpwm4                      
0     00082c92  _InitEpwm5                      
0     00082ccd  _InitEpwm6                      
0     00082d08  _InitEpwm7                      
0     00082d43  _InitEpwm8                      
0     00082d7e  _InitEpwm9                      
0     00008000  _InitFlash                      
0     000821d4  _InitGpio                       
0     00082403  _InitIpc                        
0     00082544  _InitPeripheralClocks           
0     000824ca  _InitPieCtrl                    
0     000824f2  _InitPieVectTable               
0     00082518  _InitSysCtrl                    
0     000825e4  _InitSysPll                     
0     000829c8  _InitSystem                     
0     00083730  _InitTempSensor                 
1     00050000  _IpcRegs                        
0     000824a2  _IpcSync                        
1     00009a48  _Is_M1_PhA                      
1     00009a0a  _Is_M1_PhA_adc                  
1     00009a0c  _Is_M1_PhB                      
1     00009a06  _Is_M1_PhB_adc                  
1     00009a22  _Is_M1_PhC                      
1     00009a20  _Is_M1_PhC_adc                  
1     00009a40  _Is_M2_PhA                      
1     00009a24  _Is_M2_PhA_adc                  
1     00009a3a  _Is_M2_PhB                      
1     00009a28  _Is_M2_PhB_adc                  
1     00009a3c  _Is_M2_PhC                      
1     00009a26  _Is_M2_PhC_adc                  
1     00009a2c  _Is_M3_PhA                      
1     00009a16  _Is_M3_PhA_adc                  
1     00009a34  _Is_M3_PhB                      
1     00009a1a  _Is_M3_PhB_adc                  
1     00009a32  _Is_M3_PhC                      
1     00009a1e  _Is_M3_PhC_adc                  
1     00009a46  _Is_M4_PhA                      
1     00009a18  _Is_M4_PhA_adc                  
1     00009a44  _Is_M4_PhB                      
1     00009a2a  _Is_M4_PhB_adc                  
1     00009a3e  _Is_M4_PhC                      
1     00009a1c  _Is_M4_PhC_adc                  
0     0008309a  _MCBSPA_RX_ISR                  
0     000830a4  _MCBSPA_TX_ISR                  
0     000830ae  _MCBSPB_RX_ISR                  
0     000830b8  _MCBSPB_TX_ISR                  
1     00006000  _McbspaRegs                     
1     00006040  _McbspbRegs                     
1     0005f400  _MemCfgRegs                     
1     0005f500  _MemoryErrorRegs                
0     00082e9c  _NMI_ISR                        
0     000833ef  _NOTUSED_ISR                    
1     00007060  _NmiIntruptRegs                 
1     00007a80  _OutputXbarRegs                 
0     0008325c  _PBIST_ISR                      
0     000833d8  _PIE_RESERVED_ISR               
1     0005e200  _PbistRegs                      
1     00000ce0  _PieCtrlRegs                    
1     00000d00  _PieVectTable                   
0     00084000  _PieVectTableInit               
0     000833a6  _RAM_ACCESS_VIOLATION_ISR       
0     00083392  _RAM_CORRECTABLE_ERROR_ISR      
0     00082e88  _RTOS_ISR                       
0     00082029  _RamfuncsLoadEnd                
abs   00000029  _RamfuncsLoadSize               
0     00082000  _RamfuncsLoadStart              
0     00008029  _RamfuncsRunEnd                 
abs   00000029  _RamfuncsRunSize                
0     00008000  _RamfuncsRunStart               
0     00082411  _ReadIpcTimer                   
0     0008243c  _RecvIpcData                    
0     000824c0  _ReleaseFlashPump               
1     0005e608  _RomPrefetchRegs                
1     0005f540  _RomWaitStateRegs               
0     0008314e  _SCIA_RX_ISR                    
0     00083158  _SCIA_TX_ISR                    
0     00083162  _SCIB_RX_ISR                    
0     0008316c  _SCIB_TX_ISR                    
0     00083126  _SCIC_RX_ISR                    
0     00083130  _SCIC_TX_ISR                    
0     0008313a  _SCID_RX_ISR                    
0     00083144  _SCID_TX_ISR                    
0     000832fc  _SD1_ISR                        
0     00083306  _SD2_ISR                        
0     00083072  _SPIA_RX_ISR                    
0     0008307c  _SPIA_TX_ISR                    
0     00083086  _SPIB_RX_ISR                    
0     00083090  _SPIB_TX_ISR                    
0     00083310  _SPIC_RX_ISR                    
0     0008331a  _SPIC_TX_ISR                    
0     00082770  _STANDBY                        
0     000833b0  _SYS_PLL_SLIP_ISR               
1     00007200  _SciaRegs                       
1     00007210  _ScibRegs                       
1     00007220  _ScicRegs                       
1     00007230  _ScidRegs                       
1     00005e00  _Sdfm1Regs                      
1     00005e80  _Sdfm2Regs                      
0     000824b1  _SeizeFlashPump                 
0     00082459  _SendIpcCommand                 
0     00082425  _SendIpcData                    
0     0008246a  _SendIpcFlag                    
0     000825c8  _ServiceDog                     
0     000829d4  _Setup_ADC                      
1     00006100  _SpiaRegs                       
1     00006110  _SpibRegs                       
1     00006120  _SpicRegs                       
1     00006130  _SpidRegs                       
0     0008271f  _SysIntOsc1Sel                  
0     0008272d  _SysIntOsc2Sel                  
0     00082739  _SysXtalOscSel                  
0     00082f64  _TIMER0_ISR                     
0     00082e6a  _TIMER1_ISR                     
0     00082e74  _TIMER2_ISR                     
1     00007900  _TrigRegs                       
0     00083324  _UPPA_ISR                       
0     0008332e  _USBA_ISR                       
0     00082f0a  _USER10_ISR                     
0     00082f14  _USER11_ISR                     
0     00082f1e  _USER12_ISR                     
0     00082eb0  _USER1_ISR                      
0     00082eba  _USER2_ISR                      
0     00082ec4  _USER3_ISR                      
0     00082ece  _USER4_ISR                      
0     00082ed8  _USER5_ISR                      
0     00082ee2  _USER6_ISR                      
0     00082eec  _USER7_ISR                      
0     00082ef6  _USER8_ISR                      
0     00082f00  _USER9_ISR                      
1     00006200  _UppRegs                        
0     00083266  _VCU_ISR                        
1     00009a36  _Vdc_M1                         
1     00009a0e  _Vdc_M1_adc                     
1     00009a38  _Vdc_M2                         
1     00009a10  _Vdc_M2_adc                     
1     00009a30  _Vdc_M3                         
1     00009a04  _Vdc_M3_adc                     
1     00009a4a  _Vdc_M4                         
1     00009a08  _Vdc_M4_adc                     
1     00009a14  _Voltage_TransferFunction       
0     00082f6e  _WAKE_ISR                       
0     00082495  _WaitForIpcAck                  
0     00082488  _WaitForIpcFlag                 
1     00007000  _WdRegs                         
0     00082f46  _XINT1_ISR                      
0     00082f50  _XINT2_ISR                      
0     0008323e  _XINT3_ISR                      
0     00083248  _XINT4_ISR                      
0     00083252  _XINT5_ISR                      
1     00007070  _XintRegs                       
1     00009a00  __STACK_END                     
abs   00000200  __STACK_SIZE                    
1     00009a6c  ___TI_cleanup_ptr               
1     00009a6e  ___TI_dtors_ptr                 
1     00009a6a  ___TI_enable_exit_profile_output
abs   ffffffff  ___TI_pprof_out_hndl            
abs   ffffffff  ___TI_prof_data_size            
abs   ffffffff  ___TI_prof_data_start           
abs   ffffffff  ___binit__                      
abs   ffffffff  ___c_args__                     
0     0008390b  ___cinit__                      
0     0008390b  ___etext__                      
abs   ffffffff  ___pinit__                      
0     00082029  ___text__                       
0     000838ba  __args_main                     
1     00009a70  __lock                          
0     000838ff  __nop                           
0     000838fb  __register_lock                 
0     000838f7  __register_unlock               
1     00009800  __stack                         
0     0008390a  __system_post_cinit             
0     00083908  __system_pre_init               
1     00009a72  __unlock                        
0     00083850  _abort                          
0     000834eb  _adc1_isr                       
0     000837fa  _c_int00                        
0     00083879  _copy_in                        
0     0008347a  _cpu_timer0_isr                 
0     000834aa  _cpu_timer1_isr                 
0     000834bc  _cpu_timer2_isr                 
0     000834ce  _epwm1_isr                      
0     00083852  _exit                           
0     00082799  _main                           
0     0008389d  _memcpy                         
0     000838eb  _memset                         
1     00009a66  _tempSensor_scaleFactor         
1     00009a64  _tempSensor_tempOffset          
1     00009a68  _tempSensor_tempSlope           
1     00009a12  _vrefhi_voltage                 
abs   ffffffff  binit                           
0     0008390b  cinit                           
0     00080000  code_start                      
0     0008390b  etext                           
abs   ffffffff  pinit                           


GLOBAL SYMBOLS: SORTED BY Symbol Address 

page  address   name                            
----  -------   ----                            
0     00000ce0  _Cla1SoftIntRegs                
0     00008000  _InitFlash                      
0     00008000  _RamfuncsRunStart               
0     00008025  _F28x_usDelay                   
0     00008029  _RamfuncsRunEnd                 
0     00080000  code_start                      
0     00082000  _RamfuncsLoadStart              
0     00082029  .text                           
0     00082029  _InitCpuTimers                  
0     00082029  _RamfuncsLoadEnd                
0     00082029  ___text__                       
0     0008206a  _ConfigCpuTimer                 
0     000820a4  _InitEPwm1Gpio                  
0     000820b6  _InitEPwm2Gpio                  
0     000820c8  _InitEPwm3Gpio                  
0     000820dc  _InitEPwm4Gpio                  
0     000820f0  _InitEPwm5Gpio                  
0     00082102  _InitEPwm6Gpio                  
0     00082114  _InitEPwm7Gpio                  
0     00082128  _InitEPwm8Gpio                  
0     0008213c  _InitEPwm9Gpio                  
0     0008214e  _InitEPwm10Gpio                 
0     00082161  _InitEPwm11Gpio                 
0     00082175  _InitEPwm12Gpio                 
0     00082188  _InitECap                       
0     00082189  _InitECapGpio                   
0     0008218a  _InitECap1Gpio                  
0     00082194  _InitECap2Gpio                  
0     0008219e  _InitECap3Gpio                  
0     000821a8  _InitECap4Gpio                  
0     000821b2  _InitECap5Gpio                  
0     000821bc  _InitECap6Gpio                  
0     000821c6  _InitAPwm1Gpio                  
0     000821d4  _InitGpio                       
0     00082211  _GPIO_SetupPinMux               
0     0008229d  _GPIO_SetupPinOptions           
0     00082331  _GPIO_SetupLock                 
0     0008235a  _GPIO_SetupXINT1Gpio            
0     00082364  _GPIO_SetupXINT2Gpio            
0     0008236e  _GPIO_SetupXINT3Gpio            
0     00082378  _GPIO_SetupXINT4Gpio            
0     00082382  _GPIO_SetupXINT5Gpio            
0     0008238c  _GPIO_ReadPin                   
0     000823a3  _GPIO_WritePin                  
0     000823c1  _GPIO_SelectIpcInt              
0     00082403  _InitIpc                        
0     00082411  _ReadIpcTimer                   
0     00082425  _SendIpcData                    
0     0008243c  _RecvIpcData                    
0     0008244d  _FillIpcSendData                
0     00082459  _SendIpcCommand                 
0     0008246a  _SendIpcFlag                    
0     00082474  _AckIpcFlag                     
0     0008247e  _CancelIpcFlag                  
0     00082488  _WaitForIpcFlag                 
0     00082495  _WaitForIpcAck                  
0     000824a2  _IpcSync                        
0     000824b1  _SeizeFlashPump                 
0     000824c0  _ReleaseFlashPump               
0     000824ca  _InitPieCtrl                    
0     000824e9  _EnableInterrupts               
0     000824f2  _InitPieVectTable               
0     00082518  _InitSysCtrl                    
0     00082544  _InitPeripheralClocks           
0     000825c8  _ServiceDog                     
0     000825d6  _DisableDog                     
0     000825e4  _InitSysPll                     
0     00082678  _InitAuxPll                     
0     000826fe  _CsmUnlock                      
0     0008271f  _SysIntOsc1Sel                  
0     0008272d  _SysIntOsc2Sel                  
0     00082739  _SysXtalOscSel                  
0     00082747  _AuxIntOsc2Sel                  
0     00082751  _AuxXtalOscSel                  
0     0008275d  _AuxAuxClkSel                   
0     00082767  _IDLE                           
0     00082770  _STANDBY                        
0     0008277b  _HALT                           
0     0008278b  _HIB                            
0     00082799  _main                           
0     00082843  _Gpio_Select                    
0     000829c8  _InitSystem                     
0     000829d4  _Setup_ADC                      
0     00082b8f  _InitEpwm1                      
0     00082bd5  _InitEpwm2                      
0     00082c1c  _InitEpwm3                      
0     00082c57  _InitEpwm4                      
0     00082c92  _InitEpwm5                      
0     00082ccd  _InitEpwm6                      
0     00082d08  _InitEpwm7                      
0     00082d43  _InitEpwm8                      
0     00082d7e  _InitEpwm9                      
0     00082db9  _InitEpwm10                     
0     00082df4  _InitEpwm11                     
0     00082e2f  _InitEpwm12                     
0     00082e6a  _TIMER1_ISR                     
0     00082e74  _TIMER2_ISR                     
0     00082e7e  _DATALOG_ISR                    
0     00082e88  _RTOS_ISR                       
0     00082e92  _EMU_ISR                        
0     00082e9c  _NMI_ISR                        
0     00082ea6  _ILLEGAL_ISR                    
0     00082eb0  _USER1_ISR                      
0     00082eba  _USER2_ISR                      
0     00082ec4  _USER3_ISR                      
0     00082ece  _USER4_ISR                      
0     00082ed8  _USER5_ISR                      
0     00082ee2  _USER6_ISR                      
0     00082eec  _USER7_ISR                      
0     00082ef6  _USER8_ISR                      
0     00082f00  _USER9_ISR                      
0     00082f0a  _USER10_ISR                     
0     00082f14  _USER11_ISR                     
0     00082f1e  _USER12_ISR                     
0     00082f28  _ADCA1_ISR                      
0     00082f32  _ADCB1_ISR                      
0     00082f3c  _ADCC1_ISR                      
0     00082f46  _XINT1_ISR                      
0     00082f50  _XINT2_ISR                      
0     00082f5a  _ADCD1_ISR                      
0     00082f64  _TIMER0_ISR                     
0     00082f6e  _WAKE_ISR                       
0     00082f78  _EPWM1_TZ_ISR                   
0     00082f82  _EPWM2_TZ_ISR                   
0     00082f8c  _EPWM3_TZ_ISR                   
0     00082f96  _EPWM4_TZ_ISR                   
0     00082fa0  _EPWM5_TZ_ISR                   
0     00082faa  _EPWM6_TZ_ISR                   
0     00082fb4  _EPWM7_TZ_ISR                   
0     00082fbe  _EPWM8_TZ_ISR                   
0     00082fc8  _EPWM1_ISR                      
0     00082fd2  _EPWM2_ISR                      
0     00082fdc  _EPWM3_ISR                      
0     00082fe6  _EPWM4_ISR                      
0     00082ff0  _EPWM5_ISR                      
0     00082ffa  _EPWM6_ISR                      
0     00083004  _EPWM7_ISR                      
0     0008300e  _EPWM8_ISR                      
0     00083018  _ECAP1_ISR                      
0     00083022  _ECAP2_ISR                      
0     0008302c  _ECAP3_ISR                      
0     00083036  _ECAP4_ISR                      
0     00083040  _ECAP5_ISR                      
0     0008304a  _ECAP6_ISR                      
0     00083054  _EQEP1_ISR                      
0     0008305e  _EQEP2_ISR                      
0     00083068  _EQEP3_ISR                      
0     00083072  _SPIA_RX_ISR                    
0     0008307c  _SPIA_TX_ISR                    
0     00083086  _SPIB_RX_ISR                    
0     00083090  _SPIB_TX_ISR                    
0     0008309a  _MCBSPA_RX_ISR                  
0     000830a4  _MCBSPA_TX_ISR                  
0     000830ae  _MCBSPB_RX_ISR                  
0     000830b8  _MCBSPB_TX_ISR                  
0     000830c2  _DMA_CH1_ISR                    
0     000830cc  _DMA_CH2_ISR                    
0     000830d6  _DMA_CH3_ISR                    
0     000830e0  _DMA_CH4_ISR                    
0     000830ea  _DMA_CH5_ISR                    
0     000830f4  _DMA_CH6_ISR                    
0     000830fe  _I2CA_ISR                       
0     00083108  _I2CA_FIFO_ISR                  
0     00083112  _I2CB_ISR                       
0     0008311c  _I2CB_FIFO_ISR                  
0     00083126  _SCIC_RX_ISR                    
0     00083130  _SCIC_TX_ISR                    
0     0008313a  _SCID_RX_ISR                    
0     00083144  _SCID_TX_ISR                    
0     0008314e  _SCIA_RX_ISR                    
0     00083158  _SCIA_TX_ISR                    
0     00083162  _SCIB_RX_ISR                    
0     0008316c  _SCIB_TX_ISR                    
0     00083176  _DCANA_1_ISR                    
0     00083180  _DCANA_2_ISR                    
0     0008318a  _DCANB_1_ISR                    
0     00083194  _DCANB_2_ISR                    
0     0008319e  _ADCA_EVT_ISR                   
0     000831a8  _ADCA2_ISR                      
0     000831b2  _ADCA3_ISR                      
0     000831bc  _ADCA4_ISR                      
0     000831c6  _ADCB_EVT_ISR                   
0     000831d0  _ADCB2_ISR                      
0     000831da  _ADCB3_ISR                      
0     000831e4  _ADCB4_ISR                      
0     000831ee  _CLA1_1_ISR                     
0     000831f8  _CLA1_2_ISR                     
0     00083202  _CLA1_3_ISR                     
0     0008320c  _CLA1_4_ISR                     
0     00083216  _CLA1_5_ISR                     
0     00083220  _CLA1_6_ISR                     
0     0008322a  _CLA1_7_ISR                     
0     00083234  _CLA1_8_ISR                     
0     0008323e  _XINT3_ISR                      
0     00083248  _XINT4_ISR                      
0     00083252  _XINT5_ISR                      
0     0008325c  _PBIST_ISR                      
0     00083266  _VCU_ISR                        
0     00083270  _FPU_OVERFLOW_ISR               
0     0008327a  _FPU_UNDERFLOW_ISR              
0     00083284  _IPC1_ISR                       
0     0008328e  _IPC2_ISR                       
0     00083298  _IPC3_ISR                       
0     000832a2  _IPC4_ISR                       
0     000832ac  _EPWM9_TZ_ISR                   
0     000832b6  _EPWM10_TZ_ISR                  
0     000832c0  _EPWM11_TZ_ISR                  
0     000832ca  _EPWM12_TZ_ISR                  
0     000832d4  _EPWM9_ISR                      
0     000832de  _EPWM10_ISR                     
0     000832e8  _EPWM11_ISR                     
0     000832f2  _EPWM12_ISR                     
0     000832fc  _SD1_ISR                        
0     00083306  _SD2_ISR                        
0     00083310  _SPIC_RX_ISR                    
0     0008331a  _SPIC_TX_ISR                    
0     00083324  _UPPA_ISR                       
0     0008332e  _USBA_ISR                       
0     00083338  _ADCC_EVT_ISR                   
0     00083342  _ADCC2_ISR                      
0     0008334c  _ADCC3_ISR                      
0     00083356  _ADCC4_ISR                      
0     00083360  _ADCD_EVT_ISR                   
0     0008336a  _ADCD2_ISR                      
0     00083374  _ADCD3_ISR                      
0     0008337e  _ADCD4_ISR                      
0     00083388  _EMIF_ERROR_ISR                 
0     00083392  _RAM_CORRECTABLE_ERROR_ISR      
0     0008339c  _FLASH_CORRECTABLE_ERROR_ISR    
0     000833a6  _RAM_ACCESS_VIOLATION_ISR       
0     000833b0  _SYS_PLL_SLIP_ISR               
0     000833ba  _AUX_PLL_SLIP_ISR               
0     000833c4  _CLA_OVERFLOW_ISR               
0     000833ce  _CLA_UNDERFLOW_ISR              
0     000833d8  _PIE_RESERVED_ISR               
0     000833e2  _EMPTY_ISR                      
0     000833ef  _NOTUSED_ISR                    
0     0008347a  _cpu_timer0_isr                 
0     000834aa  _cpu_timer1_isr                 
0     000834bc  _cpu_timer2_isr                 
0     000834ce  _epwm1_isr                      
0     000834eb  _adc1_isr                       
0     00083730  _InitTempSensor                 
0     0008377d  _GetTemperatureC                
0     000837be  _GetTemperatureK                
0     000837fa  _c_int00                        
0     00083850  C$$EXIT                         
0     00083850  _abort                          
0     00083852  _exit                           
0     00083879  _copy_in                        
0     0008389d  _memcpy                         
0     000838ba  __args_main                     
0     000838d3  LL$$AND                         
0     000838db  LL$$OR                          
0     000838e3  LL$$XOR                         
0     000838eb  _memset                         
0     000838f7  __register_unlock               
0     000838fb  __register_lock                 
0     000838ff  __nop                           
0     00083908  __system_pre_init               
0     0008390a  __system_post_cinit             
0     0008390b  ___cinit__                      
0     0008390b  ___etext__                      
0     0008390b  cinit                           
0     0008390b  etext                           
0     00084000  _PieVectTableInit               
1     00000b00  _AdcaResultRegs                 
1     00000b20  _AdcbResultRegs                 
1     00000b40  _AdccResultRegs                 
1     00000b60  _AdcdResultRegs                 
1     00000c00  _CpuTimer0Regs                  
1     00000c08  _CpuTimer1Regs                  
1     00000c10  _CpuTimer2Regs                  
1     00000ce0  _PieCtrlRegs                    
1     00000d00  _EmuKey                         
1     00000d00  _PieVectTable                   
1     00000d01  _EmuBMode                       
1     00001000  _DmaRegs                        
1     00001400  _Cla1Regs                       
1     00004000  _EPwm1Regs                      
1     00004100  _EPwm2Regs                      
1     00004200  _EPwm3Regs                      
1     00004300  _EPwm4Regs                      
1     00004400  _EPwm5Regs                      
1     00004500  _EPwm6Regs                      
1     00004600  _EPwm7Regs                      
1     00004700  _EPwm8Regs                      
1     00004800  _EPwm9Regs                      
1     00004900  _EPwm10Regs                     
1     00004a00  _EPwm11Regs                     
1     00004b00  _EPwm12Regs                     
1     00005000  _ECap1Regs                      
1     00005020  _ECap2Regs                      
1     00005040  _ECap3Regs                      
1     00005060  _ECap4Regs                      
1     00005080  _ECap5Regs                      
1     000050a0  _ECap6Regs                      
1     00005100  _EQep1Regs                      
1     00005140  _EQep2Regs                      
1     00005180  _EQep3Regs                      
1     00005c00  _DacaRegs                       
1     00005c10  _DacbRegs                       
1     00005c20  _DaccRegs                       
1     00005c80  _Cmpss1Regs                     
1     00005ca0  _Cmpss2Regs                     
1     00005cc0  _Cmpss3Regs                     
1     00005ce0  _Cmpss4Regs                     
1     00005d00  _Cmpss5Regs                     
1     00005d20  _Cmpss6Regs                     
1     00005d40  _Cmpss7Regs                     
1     00005d60  _Cmpss8Regs                     
1     00005e00  _Sdfm1Regs                      
1     00005e80  _Sdfm2Regs                      
1     00006000  _McbspaRegs                     
1     00006040  _McbspbRegs                     
1     00006100  _SpiaRegs                       
1     00006110  _SpibRegs                       
1     00006120  _SpicRegs                       
1     00006130  _SpidRegs                       
1     00006200  _UppRegs                        
1     00007000  _WdRegs                         
1     00007060  _NmiIntruptRegs                 
1     00007070  _XintRegs                       
1     00007200  _SciaRegs                       
1     00007210  _ScibRegs                       
1     00007220  _ScicRegs                       
1     00007230  _ScidRegs                       
1     00007300  _I2caRegs                       
1     00007340  _I2cbRegs                       
1     00007400  _AdcaRegs                       
1     00007480  _AdcbRegs                       
1     00007500  _AdccRegs                       
1     00007580  _AdcdRegs                       
1     00007900  _TrigRegs                       
1     00007980  _DmaClaSrcSelRegs               
1     00007a00  _EPwmXbarRegs                   
1     00007a80  _OutputXbarRegs                 
1     00007c00  _GpioCtrlRegs                   
1     00007f00  _GpioDataRegs                   
1     00009800  __stack                         
1     00009a00  __STACK_END                     
1     00009a01  _DSP_Temp_Sensor_adc            
1     00009a02  _DSP_Temp_Sensor                
1     00009a04  _Vdc_M3_adc                     
1     00009a06  _Is_M1_PhB_adc                  
1     00009a08  _Vdc_M4_adc                     
1     00009a0a  _Is_M1_PhA_adc                  
1     00009a0c  _Is_M1_PhB                      
1     00009a0e  _Vdc_M1_adc                     
1     00009a10  _Vdc_M2_adc                     
1     00009a12  _vrefhi_voltage                 
1     00009a14  _Voltage_TransferFunction       
1     00009a16  _Is_M3_PhA_adc                  
1     00009a18  _Is_M4_PhA_adc                  
1     00009a1a  _Is_M3_PhB_adc                  
1     00009a1c  _Is_M4_PhC_adc                  
1     00009a1e  _Is_M3_PhC_adc                  
1     00009a20  _Is_M1_PhC_adc                  
1     00009a22  _Is_M1_PhC                      
1     00009a24  _Is_M2_PhA_adc                  
1     00009a26  _Is_M2_PhC_adc                  
1     00009a28  _Is_M2_PhB_adc                  
1     00009a2a  _Is_M4_PhB_adc                  
1     00009a2c  _Is_M3_PhA                      
1     00009a2e  _Current_Offset                 
1     00009a30  _Vdc_M3                         
1     00009a32  _Is_M3_PhC                      
1     00009a34  _Is_M3_PhB                      
1     00009a36  _Vdc_M1                         
1     00009a38  _Vdc_M2                         
1     00009a3a  _Is_M2_PhB                      
1     00009a3c  _Is_M2_PhC                      
1     00009a3e  _Is_M4_PhC                      
1     00009a40  _Is_M2_PhA                      
1     00009a42  _Current_TransferFunction       
1     00009a44  _Is_M4_PhB                      
1     00009a46  _Is_M4_PhA                      
1     00009a48  _Is_M1_PhA                      
1     00009a4a  _Vdc_M4                         
1     00009a4c  _CpuTimer1                      
1     00009a54  _CpuTimer0                      
1     00009a5c  _CpuTimer2                      
1     00009a64  _tempSensor_tempOffset          
1     00009a66  _tempSensor_scaleFactor         
1     00009a68  _tempSensor_tempSlope           
1     00009a6a  ___TI_enable_exit_profile_output
1     00009a6c  ___TI_cleanup_ptr               
1     00009a6e  ___TI_dtors_ptr                 
1     00009a70  __lock                          
1     00009a72  __unlock                        
1     00047000  _Emif1Regs                      
1     00047800  _Emif2Regs                      
1     00048000  _DcanaRegs                      
1     0004a000  _DcanbRegs                      
1     00050000  _IpcRegs                        
1     0005d000  _DevCfgRegs                     
1     0005d180  _AnalogSubsysRegs               
1     0005d200  _ClkCfgRegs                     
1     0005d300  _CpuSysRegs                     
1     0005e000  _HwbistRegs                     
1     0005e200  _PbistRegs                      
1     0005e608  _RomPrefetchRegs                
1     0005f000  _DcsmZ1Regs                     
1     0005f040  _DcsmZ2Regs                     
1     0005f070  _DcsmCommonRegs                 
1     0005f400  _MemCfgRegs                     
1     0005f480  _Emif1ConfigRegs                
1     0005f4a0  _Emif2ConfigRegs                
1     0005f4c0  _AccessProtectionRegs           
1     0005f500  _MemoryErrorRegs                
1     0005f540  _RomWaitStateRegs               
1     0005f800  _FlashCtrlRegs                  
1     0005fb00  _FlashEccRegs                   
1     00078800  _DcsmZ1Otp                      
1     00078900  _DcsmZ2Otp                      
abs   00000029  _RamfuncsLoadSize               
abs   00000029  _RamfuncsRunSize                
abs   00000200  __STACK_SIZE                    
abs   ffffffff  ___TI_pprof_out_hndl            
abs   ffffffff  ___TI_prof_data_size            
abs   ffffffff  ___TI_prof_data_start           
abs   ffffffff  ___binit__                      
abs   ffffffff  ___c_args__                     
abs   ffffffff  ___pinit__                      
abs   ffffffff  binit                           
abs   ffffffff  pinit                           

[426 symbols]
